{
  "version": "1.5.0",
  "plugins_used": [
    {
      "name": "ArtifactoryDetector"
    },
    {
      "name": "AWSKeyDetector"
    },
    {
      "name": "AzureStorageKeyDetector"
    },
    {
      "name": "Base64HighEntropyString",
      "limit": 4.5
    },
    {
      "name": "BasicAuthDetector"
    },
    {
      "name": "CloudantDetector"
    },
    {
      "name": "DiscordBotTokenDetector"
    },
    {
      "name": "GitHubTokenDetector"
    },
    {
      "name": "GitLabTokenDetector"
    },
    {
      "name": "HexHighEntropyString",
      "limit": 3.0
    },
    {
      "name": "IbmCloudIamDetector"
    },
    {
      "name": "IbmCosHmacDetector"
    },
    {
      "name": "IPPublicDetector"
    },
    {
      "name": "JwtTokenDetector"
    },
    {
      "name": "KeywordDetector",
      "keyword_exclude": ""
    },
    {
      "name": "MailchimpDetector"
    },
    {
      "name": "NpmDetector"
    },
    {
      "name": "OpenAIDetector"
    },
    {
      "name": "PrivateKeyDetector"
    },
    {
      "name": "PypiTokenDetector"
    },
    {
      "name": "SendGridDetector"
    },
    {
      "name": "SlackDetector"
    },
    {
      "name": "SoftlayerDetector"
    },
    {
      "name": "SquareOAuthDetector"
    },
    {
      "name": "StripeDetector"
    },
    {
      "name": "TelegramBotTokenDetector"
    },
    {
      "name": "TwilioKeyDetector"
    }
  ],
  "filters_used": [
    {
      "path": "detect_secrets.filters.allowlist.is_line_allowlisted"
    },
    {
      "path": "detect_secrets.filters.common.is_baseline_file",
      "filename": ".secrets.baseline"
    },
    {
      "path": "detect_secrets.filters.common.is_ignored_due_to_verification_policies",
      "min_level": 2
    },
    {
      "path": "detect_secrets.filters.heuristic.is_indirect_reference"
    },
    {
      "path": "detect_secrets.filters.heuristic.is_likely_id_string"
    },
    {
      "path": "detect_secrets.filters.heuristic.is_lock_file"
    },
    {
      "path": "detect_secrets.filters.heuristic.is_not_alphanumeric_string"
    },
    {
      "path": "detect_secrets.filters.heuristic.is_potential_uuid"
    },
    {
      "path": "detect_secrets.filters.heuristic.is_prefixed_with_dollar_sign"
    },
    {
      "path": "detect_secrets.filters.heuristic.is_sequential_string"
    },
    {
      "path": "detect_secrets.filters.heuristic.is_swagger_file"
    },
    {
      "path": "detect_secrets.filters.heuristic.is_templated_secret"
    },
    {
      "path": "detect_secrets.filters.regex.should_exclude_file",
      "pattern": [
        "\\.secrets\\.baseline",
        "\\.pytest_cache"
      ]
    }
  ],
  "results": {
    "samples\\unsafe-fixtures\\demo_database.yaml": [
      {
        "type": "Secret Keyword",
        "filename": "samples\\unsafe-fixtures\\demo_database.yaml",
        "hashed_secret": "1c1ab541169162a7e06895dc9997698df119ae17",
        "is_verified": false,
        "line_number": 5
      },
      {
        "type": "AWS Access Key",
        "filename": "samples\\unsafe-fixtures\\demo_database.yaml",
        "hashed_secret": "25910f981e85ca04baf359199dd0bd4a3ae738b6",
        "is_verified": false,
        "line_number": 8
      },
      {
        "type": "Base64 High Entropy String",
        "filename": "samples\\unsafe-fixtures\\demo_database.yaml",
        "hashed_secret": "d70eab08607a4d05faa2d0d6647206599e9abc65",
        "is_verified": false,
        "line_number": 9
      },
      {
        "type": "Secret Keyword",
        "filename": "samples\\unsafe-fixtures\\demo_database.yaml",
        "hashed_secret": "d70eab08607a4d05faa2d0d6647206599e9abc65",
        "is_verified": false,
        "line_number": 9
      },
      {
        "type": "Base64 High Entropy String",
        "filename": "samples\\unsafe-fixtures\\demo_database.yaml",
        "hashed_secret": "4629639855b7157101718b81a2702095fc2fceb7",
        "is_verified": false,
        "line_number": 13
      },
      {
        "type": "GitHub Token",
        "filename": "samples\\unsafe-fixtures\\demo_database.yaml",
        "hashed_secret": "e175c6f5f2a92e8623bd9a4820edb4e8c1b0fd10",
        "is_verified": false,
        "line_number": 13
      },
      {
        "type": "Base64 High Entropy String",
        "filename": "samples\\unsafe-fixtures\\demo_database.yaml",
        "hashed_secret": "765dc9e4a38aea2d746662ce4af01b6a5815e1e1",
        "is_verified": false,
        "line_number": 14
      },
      {
        "type": "Secret Keyword",
        "filename": "samples\\unsafe-fixtures\\demo_database.yaml",
        "hashed_secret": "765dc9e4a38aea2d746662ce4af01b6a5815e1e1",
        "is_verified": false,
        "line_number": 14
      },
      {
        "type": "Secret Keyword",
        "filename": "samples\\unsafe-fixtures\\demo_database.yaml",
        "hashed_secret": "4b2ba3cc361570c8c2de6f03b1736d2b2b622c22",
        "is_verified": false,
        "line_number": 18
      },
      {
        "type": "Base64 High Entropy String",
        "filename": "samples\\unsafe-fixtures\\demo_database.yaml",
        "hashed_secret": "0cb62954c5feaf5379bfb79b8e0087953ec49b9c",
        "is_verified": false,
        "line_number": 21
      },
      {
        "type": "Secret Keyword",
        "filename": "samples\\unsafe-fixtures\\demo_database.yaml",
        "hashed_secret": "0cb62954c5feaf5379bfb79b8e0087953ec49b9c",
        "is_verified": false,
        "line_number": 21
      }
    ],
    "samples\\unsafe-fixtures\\legacy_config.py": [
      {
        "type": "AWS Access Key",
        "filename": "samples\\unsafe-fixtures\\legacy_config.py",
        "hashed_secret": "d70eab08607a4d05faa2d0d6647206599e9abc65",
        "is_verified": false,
        "line_number": 5
      },
      {
        "type": "Base64 High Entropy String",
        "filename": "samples\\unsafe-fixtures\\legacy_config.py",
        "hashed_secret": "d70eab08607a4d05faa2d0d6647206599e9abc65",
        "is_verified": false,
        "line_number": 5
      },
      {
        "type": "Secret Keyword",
        "filename": "samples\\unsafe-fixtures\\legacy_config.py",
        "hashed_secret": "d70eab08607a4d05faa2d0d6647206599e9abc65",
        "is_verified": false,
        "line_number": 5
      },
      {
        "type": "Base64 High Entropy String",
        "filename": "samples\\unsafe-fixtures\\legacy_config.py",
        "hashed_secret": "530828335eb7d0699f2c6d8a8dd3cb0618658352",
        "is_verified": false,
        "line_number": 7
      },
      {
        "type": "GitLab Token",
        "filename": "samples\\unsafe-fixtures\\legacy_config.py",
        "hashed_secret": "f68bd4ab942f012db29f09bbcc991e17768aaafa",
        "is_verified": false,
        "line_number": 7
      },
      {
        "type": "Secret Keyword",
        "filename": "samples\\unsafe-fixtures\\legacy_config.py",
        "hashed_secret": "8a9c93ee816d049b437f0b9b633f97845faf3bcb",
        "is_verified": false,
        "line_number": 11
      }
    ]
  },
  "generated_at": "2026-04-01T18:09:44Z"
}
